<?xml version="1.0" encoding="utf-8"?><testsuites><testsuite name="pytest" errors="0" failures="0" skipped="0" tests="7" time="0.045" timestamp="2023-07-20T23:47:48.303308" hostname="dream"><testcase classname="test_first" name="test_init" time="0.001" /><testcase classname="test_first" name="test_show_menu" time="0.001" /><testcase classname="test_first" name="test_take_order" time="0.001" /><testcase classname="test_first" name="test_calculate_cost" time="0.001" /><testcase classname="test_first" name="test_calculate_cost_with_discount" time="0.001" /><testcase classname="test_first" name="test_confirm_order" time="0.001" /><testcase classname="test_first" name="test_manage" time="0.001" /></testsuite></testsuites>